// Jest Snapshot v1, https://goo.gl/fbAQLP

exports[`App Contains the compiled JavaScript 1`] = `"(()=>{"use strict";var t={417:(t,e,n)=>{n.d(e,{Z:()=>r});class r{constructor(t,e){this.p1=t,this.p2=e,this.board=[[null,null,null],[null,null,null],[null,null,null]],this.player=Math.random()<.5?this.p1:this.p2,this.sym="X"}turn(t,e){e=e||t,this.board[t][e]=this.sym}nextPlayer(){this.player=this.player===this.p1?this.p2:this.p1,this.sym="X"===this.sym?"O":"X"}hasWinner(){return this.rowWin()||this.colWin()||this.diagWin()}rowWin(){let t=!1;for(let e=0;e<3;e++){const n=this.board[e];null!==n[0]&&(t=t||n[0]===n[1]&&n[0]===n[2])}return t}colWin(){let t=!1;for(let e=0;e<3;e++){const n=this.board;null!==n[0][e]&&(t=t||n[0][e]===n[1][e]&&n[0][e]===n[2][e])}return t}diagWin(){const t=this.board;return null!==t[0][0]&&t[0][0]===t[1][1]&&t[0][0]===t[2][2]||null!==t[0][2]&&t[0][2]===t[1][1]&&t[0][2]===t[2][0]}}},138:(t,e,n)=>{var r=n(417);let l,o;for(;!l;)l=window.prompt("Enter player 1 name:");for(;!o&&l!==o;)o=window.prompt(l===o?\`Please enter a different name than \${l}.\`:"Enter player 2 name:");window.onload=()=>{const t=new r.Z(l,o),e=document.getElementById("turn"),n=document.getElementById("player");n.innerText=t.player,document.querySelectorAll("td").forEach((r=>{r.onclick=l=>{r.onclick=void 0,l.target.innerText=t.sym,l.target.onclick=void 0;const[o,i]=l.target.classList;t.turn(o,i),t.hasWinner()?(e.innerText=\`\${t.player} wins!\`,document.querySelectorAll("td").forEach((t=>{t.onclick=void 0}))):(t.nextPlayer(),n.innerText=t.player)}}))}}},e={};function n(r){var l=e[r];if(void 0!==l)return l.exports;var o=e[r]={exports:{}};return t[r](o,o.exports,n),o.exports}n.d=(t,e)=>{for(var r in e)n.o(e,r)&&!n.o(t,r)&&Object.defineProperty(t,r,{enumerable:!0,get:e[r]})},n.o=(t,e)=>Object.prototype.hasOwnProperty.call(t,e),n(138),n(417)})();"`;
